// Jest Snapshot v1, https://goo.gl/fbAQLP

exports[`Indeterminate progress bar renders properly 1`] = `ShallowWrapper {}`;
